# serializer version: 1
# name: test_entry_no_remote
  dict({
    'exit_code': 1,
    'stderr': '',
    'stdout': '''
      Found 8 commits
      No remote found; cannot retrieve pull requests to generate changelog entry
  
    ''',
  })
# ---
